<?xml version="1.0"?>
<link_info>
   <banner>MSP430 Linker PC v4.4.1</banner>
   <copyright>Copyright (c) 2003-2014 Texas Instruments Incorporated</copyright>
   <link_time>0x5540b41d</link_time>
   <link_errors>0x0</link_errors>
   <output_file>Practica4_PAE.out</output_file>
   <entry_point>
      <name>_c_int00_noargs_noexit</name>
      <address>0x5fb2</address>
   </entry_point>
   <input_file_list>
      <input_file id="fl-2">
         <path>.\</path>
         <kind>object</kind>
         <file>Practica_04PAE.obj</file>
         <name>Practica_04PAE.obj</name>
      </input_file>
      <input_file id="fl-3">
         <path>.\</path>
         <kind>object</kind>
         <file>hal_lcd.obj</file>
         <name>hal_lcd.obj</name>
      </input_file>
      <input_file id="fl-33">
         <path>c:\ti\ccsv6\tools\compiler\ti-cgt-msp430_4.4.1\lib\</path>
         <kind>archive</kind>
         <file>rts430x_lc_rd.lib</file>
         <name>boot.obj</name>
      </input_file>
      <input_file id="fl-34">
         <path>c:\ti\ccsv6\tools\compiler\ti-cgt-msp430_4.4.1\lib\</path>
         <kind>archive</kind>
         <file>rts430x_lc_rd.lib</file>
         <name>boot_special.obj</name>
      </input_file>
      <input_file id="fl-35">
         <path>c:\ti\ccsv6\tools\compiler\ti-cgt-msp430_4.4.1\lib\</path>
         <kind>archive</kind>
         <file>rts430x_lc_rd.lib</file>
         <name>copy_decompress_none.obj</name>
      </input_file>
      <input_file id="fl-36">
         <path>c:\ti\ccsv6\tools\compiler\ti-cgt-msp430_4.4.1\lib\</path>
         <kind>archive</kind>
         <file>rts430x_lc_rd.lib</file>
         <name>copy_decompress_rle.obj</name>
      </input_file>
      <input_file id="fl-37">
         <path>c:\ti\ccsv6\tools\compiler\ti-cgt-msp430_4.4.1\lib\</path>
         <kind>archive</kind>
         <file>rts430x_lc_rd.lib</file>
         <name>copy_zero_init.obj</name>
      </input_file>
      <input_file id="fl-38">
         <path>c:\ti\ccsv6\tools\compiler\ti-cgt-msp430_4.4.1\lib\</path>
         <kind>archive</kind>
         <file>rts430x_lc_rd.lib</file>
         <name>exit.obj</name>
      </input_file>
      <input_file id="fl-39">
         <path>c:\ti\ccsv6\tools\compiler\ti-cgt-msp430_4.4.1\lib\</path>
         <kind>archive</kind>
         <file>rts430x_lc_rd.lib</file>
         <name>int41.obj</name>
      </input_file>
      <input_file id="fl-3a">
         <path>c:\ti\ccsv6\tools\compiler\ti-cgt-msp430_4.4.1\lib\</path>
         <kind>archive</kind>
         <file>rts430x_lc_rd.lib</file>
         <name>int43.obj</name>
      </input_file>
      <input_file id="fl-3b">
         <path>c:\ti\ccsv6\tools\compiler\ti-cgt-msp430_4.4.1\lib\</path>
         <kind>archive</kind>
         <file>rts430x_lc_rd.lib</file>
         <name>int44.obj</name>
      </input_file>
      <input_file id="fl-3c">
         <path>c:\ti\ccsv6\tools\compiler\ti-cgt-msp430_4.4.1\lib\</path>
         <kind>archive</kind>
         <file>rts430x_lc_rd.lib</file>
         <name>int45.obj</name>
      </input_file>
      <input_file id="fl-3d">
         <path>c:\ti\ccsv6\tools\compiler\ti-cgt-msp430_4.4.1\lib\</path>
         <kind>archive</kind>
         <file>rts430x_lc_rd.lib</file>
         <name>int46.obj</name>
      </input_file>
      <input_file id="fl-3e">
         <path>c:\ti\ccsv6\tools\compiler\ti-cgt-msp430_4.4.1\lib\</path>
         <kind>archive</kind>
         <file>rts430x_lc_rd.lib</file>
         <name>int47.obj</name>
      </input_file>
      <input_file id="fl-3f">
         <path>c:\ti\ccsv6\tools\compiler\ti-cgt-msp430_4.4.1\lib\</path>
         <kind>archive</kind>
         <file>rts430x_lc_rd.lib</file>
         <name>int48.obj</name>
      </input_file>
      <input_file id="fl-40">
         <path>c:\ti\ccsv6\tools\compiler\ti-cgt-msp430_4.4.1\lib\</path>
         <kind>archive</kind>
         <file>rts430x_lc_rd.lib</file>
         <name>int50.obj</name>
      </input_file>
      <input_file id="fl-41">
         <path>c:\ti\ccsv6\tools\compiler\ti-cgt-msp430_4.4.1\lib\</path>
         <kind>archive</kind>
         <file>rts430x_lc_rd.lib</file>
         <name>int51.obj</name>
      </input_file>
      <input_file id="fl-42">
         <path>c:\ti\ccsv6\tools\compiler\ti-cgt-msp430_4.4.1\lib\</path>
         <kind>archive</kind>
         <file>rts430x_lc_rd.lib</file>
         <name>int52.obj</name>
      </input_file>
      <input_file id="fl-43">
         <path>c:\ti\ccsv6\tools\compiler\ti-cgt-msp430_4.4.1\lib\</path>
         <kind>archive</kind>
         <file>rts430x_lc_rd.lib</file>
         <name>int53.obj</name>
      </input_file>
      <input_file id="fl-44">
         <path>c:\ti\ccsv6\tools\compiler\ti-cgt-msp430_4.4.1\lib\</path>
         <kind>archive</kind>
         <file>rts430x_lc_rd.lib</file>
         <name>int54.obj</name>
      </input_file>
      <input_file id="fl-45">
         <path>c:\ti\ccsv6\tools\compiler\ti-cgt-msp430_4.4.1\lib\</path>
         <kind>archive</kind>
         <file>rts430x_lc_rd.lib</file>
         <name>int55.obj</name>
      </input_file>
      <input_file id="fl-46">
         <path>c:\ti\ccsv6\tools\compiler\ti-cgt-msp430_4.4.1\lib\</path>
         <kind>archive</kind>
         <file>rts430x_lc_rd.lib</file>
         <name>int56.obj</name>
      </input_file>
      <input_file id="fl-47">
         <path>c:\ti\ccsv6\tools\compiler\ti-cgt-msp430_4.4.1\lib\</path>
         <kind>archive</kind>
         <file>rts430x_lc_rd.lib</file>
         <name>int58.obj</name>
      </input_file>
      <input_file id="fl-48">
         <path>c:\ti\ccsv6\tools\compiler\ti-cgt-msp430_4.4.1\lib\</path>
         <kind>archive</kind>
         <file>rts430x_lc_rd.lib</file>
         <name>int59.obj</name>
      </input_file>
      <input_file id="fl-49">
         <path>c:\ti\ccsv6\tools\compiler\ti-cgt-msp430_4.4.1\lib\</path>
         <kind>archive</kind>
         <file>rts430x_lc_rd.lib</file>
         <name>int61.obj</name>
      </input_file>
      <input_file id="fl-4a">
         <path>c:\ti\ccsv6\tools\compiler\ti-cgt-msp430_4.4.1\lib\</path>
         <kind>archive</kind>
         <file>rts430x_lc_rd.lib</file>
         <name>int62.obj</name>
      </input_file>
      <input_file id="fl-4b">
         <path>c:\ti\ccsv6\tools\compiler\ti-cgt-msp430_4.4.1\lib\</path>
         <kind>archive</kind>
         <file>rts430x_lc_rd.lib</file>
         <name>isr_trap.obj</name>
      </input_file>
      <input_file id="fl-4c">
         <path>c:\ti\ccsv6\tools\compiler\ti-cgt-msp430_4.4.1\lib\</path>
         <kind>archive</kind>
         <file>rts430x_lc_rd.lib</file>
         <name>_lock.obj</name>
      </input_file>
      <input_file id="fl-4d">
         <path>c:\ti\ccsv6\tools\compiler\ti-cgt-msp430_4.4.1\lib\</path>
         <kind>archive</kind>
         <file>rts430x_lc_rd.lib</file>
         <name>lsl16.obj</name>
      </input_file>
      <input_file id="fl-4e">
         <path>c:\ti\ccsv6\tools\compiler\ti-cgt-msp430_4.4.1\lib\</path>
         <kind>archive</kind>
         <file>rts430x_lc_rd.lib</file>
         <name>memcpy.obj</name>
      </input_file>
      <input_file id="fl-4f">
         <path>c:\ti\ccsv6\tools\compiler\ti-cgt-msp430_4.4.1\lib\</path>
         <kind>archive</kind>
         <file>rts430x_lc_rd.lib</file>
         <name>mpu_init.obj</name>
      </input_file>
      <input_file id="fl-50">
         <path>c:\ti\ccsv6\tools\compiler\ti-cgt-msp430_4.4.1\lib\</path>
         <kind>archive</kind>
         <file>rts430x_lc_rd.lib</file>
         <name>mult16.obj</name>
      </input_file>
      <input_file id="fl-51">
         <path>c:\ti\ccsv6\tools\compiler\ti-cgt-msp430_4.4.1\lib\</path>
         <kind>archive</kind>
         <file>rts430x_lc_rd.lib</file>
         <name>pre_init.obj</name>
      </input_file>
      <input_file id="fl-52">
         <path>c:\ti\ccsv6\tools\compiler\ti-cgt-msp430_4.4.1\lib\</path>
         <kind>archive</kind>
         <file>rts430x_lc_rd.lib</file>
         <name>sprintf.obj</name>
      </input_file>
      <input_file id="fl-53">
         <path>c:\ti\ccsv6\tools\compiler\ti-cgt-msp430_4.4.1\lib\</path>
         <kind>archive</kind>
         <file>rts430x_lc_rd.lib</file>
         <name>args_main.obj</name>
      </input_file>
      <input_file id="fl-54">
         <path>c:\ti\ccsv6\tools\compiler\ti-cgt-msp430_4.4.1\lib\</path>
         <kind>archive</kind>
         <file>rts430x_lc_rd.lib</file>
         <name>autoinit_wdt.obj</name>
      </input_file>
      <input_file id="fl-55">
         <path>c:\ti\ccsv6\tools\compiler\ti-cgt-msp430_4.4.1\lib\</path>
         <kind>archive</kind>
         <file>rts430x_lc_rd.lib</file>
         <name>_printfi.obj</name>
      </input_file>
      <input_file id="fl-56">
         <path>c:\ti\ccsv6\tools\compiler\ti-cgt-msp430_4.4.1\lib\</path>
         <kind>archive</kind>
         <file>rts430x_lc_rd.lib</file>
         <name>strchr.obj</name>
      </input_file>
      <input_file id="fl-57">
         <path>c:\ti\ccsv6\tools\compiler\ti-cgt-msp430_4.4.1\lib\</path>
         <kind>archive</kind>
         <file>rts430x_lc_rd.lib</file>
         <name>strlen.obj</name>
      </input_file>
      <input_file id="fl-58">
         <path>c:\ti\ccsv6\tools\compiler\ti-cgt-msp430_4.4.1\lib\</path>
         <kind>archive</kind>
         <file>rts430x_lc_rd.lib</file>
         <name>toupper.obj</name>
      </input_file>
      <input_file id="fl-59">
         <path>c:\ti\ccsv6\tools\compiler\ti-cgt-msp430_4.4.1\lib\</path>
         <kind>archive</kind>
         <file>rts430x_lc_rd.lib</file>
         <name>xfdclass.obj</name>
      </input_file>
      <input_file id="fl-5a">
         <path>c:\ti\ccsv6\tools\compiler\ti-cgt-msp430_4.4.1\lib\</path>
         <kind>archive</kind>
         <file>rts430x_lc_rd.lib</file>
         <name>atoi.obj</name>
      </input_file>
      <input_file id="fl-5b">
         <path>c:\ti\ccsv6\tools\compiler\ti-cgt-msp430_4.4.1\lib\</path>
         <kind>archive</kind>
         <file>rts430x_lc_rd.lib</file>
         <name>ctype.obj</name>
      </input_file>
      <input_file id="fl-5c">
         <path>c:\ti\ccsv6\tools\compiler\ti-cgt-msp430_4.4.1\lib\</path>
         <kind>archive</kind>
         <file>rts430x_lc_rd.lib</file>
         <name>div16u.obj</name>
      </input_file>
      <input_file id="fl-5d">
         <path>c:\ti\ccsv6\tools\compiler\ti-cgt-msp430_4.4.1\lib\</path>
         <kind>archive</kind>
         <file>rts430x_lc_rd.lib</file>
         <name>div32u.obj</name>
      </input_file>
      <input_file id="fl-5e">
         <path>c:\ti\ccsv6\tools\compiler\ti-cgt-msp430_4.4.1\lib\</path>
         <kind>archive</kind>
         <file>rts430x_lc_rd.lib</file>
         <name>frexp.obj</name>
      </input_file>
      <input_file id="fl-5f">
         <path>c:\ti\ccsv6\tools\compiler\ti-cgt-msp430_4.4.1\lib\</path>
         <kind>archive</kind>
         <file>rts430x_lc_rd.lib</file>
         <name>fs_add.obj</name>
      </input_file>
      <input_file id="fl-60">
         <path>c:\ti\ccsv6\tools\compiler\ti-cgt-msp430_4.4.1\lib\</path>
         <kind>archive</kind>
         <file>rts430x_lc_rd.lib</file>
         <name>fs_cmp.obj</name>
      </input_file>
      <input_file id="fl-61">
         <path>c:\ti\ccsv6\tools\compiler\ti-cgt-msp430_4.4.1\lib\</path>
         <kind>archive</kind>
         <file>rts430x_lc_rd.lib</file>
         <name>fs_div.obj</name>
      </input_file>
      <input_file id="fl-62">
         <path>c:\ti\ccsv6\tools\compiler\ti-cgt-msp430_4.4.1\lib\</path>
         <kind>archive</kind>
         <file>rts430x_lc_rd.lib</file>
         <name>fs_itof.obj</name>
      </input_file>
      <input_file id="fl-63">
         <path>c:\ti\ccsv6\tools\compiler\ti-cgt-msp430_4.4.1\lib\</path>
         <kind>archive</kind>
         <file>rts430x_lc_rd.lib</file>
         <name>fs_ltof.obj</name>
      </input_file>
      <input_file id="fl-64">
         <path>c:\ti\ccsv6\tools\compiler\ti-cgt-msp430_4.4.1\lib\</path>
         <kind>archive</kind>
         <file>rts430x_lc_rd.lib</file>
         <name>fs_mpy.obj</name>
      </input_file>
      <input_file id="fl-65">
         <path>c:\ti\ccsv6\tools\compiler\ti-cgt-msp430_4.4.1\lib\</path>
         <kind>archive</kind>
         <file>rts430x_lc_rd.lib</file>
         <name>fs_neg.obj</name>
      </input_file>
      <input_file id="fl-66">
         <path>c:\ti\ccsv6\tools\compiler\ti-cgt-msp430_4.4.1\lib\</path>
         <kind>archive</kind>
         <file>rts430x_lc_rd.lib</file>
         <name>fs_toi.obj</name>
      </input_file>
      <input_file id="fl-67">
         <path>c:\ti\ccsv6\tools\compiler\ti-cgt-msp430_4.4.1\lib\</path>
         <kind>archive</kind>
         <file>rts430x_lc_rd.lib</file>
         <name>fs_tol.obj</name>
      </input_file>
      <input_file id="fl-68">
         <path>c:\ti\ccsv6\tools\compiler\ti-cgt-msp430_4.4.1\lib\</path>
         <kind>archive</kind>
         <file>rts430x_lc_rd.lib</file>
         <name>ldexp.obj</name>
      </input_file>
      <input_file id="fl-69">
         <path>c:\ti\ccsv6\tools\compiler\ti-cgt-msp430_4.4.1\lib\</path>
         <kind>archive</kind>
         <file>rts430x_lc_rd.lib</file>
         <name>llmath.obj</name>
      </input_file>
      <input_file id="fl-6a">
         <path>c:\ti\ccsv6\tools\compiler\ti-cgt-msp430_4.4.1\lib\</path>
         <kind>archive</kind>
         <file>rts430x_lc_rd.lib</file>
         <name>lsr32.obj</name>
      </input_file>
      <input_file id="fl-6b">
         <path>c:\ti\ccsv6\tools\compiler\ti-cgt-msp430_4.4.1\lib\</path>
         <kind>archive</kind>
         <file>rts430x_lc_rd.lib</file>
         <name>ltoa.obj</name>
      </input_file>
      <input_file id="fl-6c">
         <path>c:\ti\ccsv6\tools\compiler\ti-cgt-msp430_4.4.1\lib\</path>
         <kind>archive</kind>
         <file>rts430x_lc_rd.lib</file>
         <name>memccpy.obj</name>
      </input_file>
      <input_file id="fl-6d">
         <path>c:\ti\ccsv6\tools\compiler\ti-cgt-msp430_4.4.1\lib\</path>
         <kind>archive</kind>
         <file>rts430x_lc_rd.lib</file>
         <name>memset.obj</name>
      </input_file>
      <input_file id="fl-6e">
         <path>c:\ti\ccsv6\tools\compiler\ti-cgt-msp430_4.4.1\lib\</path>
         <kind>archive</kind>
         <file>rts430x_lc_rd.lib</file>
         <name>mult64.obj</name>
      </input_file>
      <input_file id="fl-6f">
         <path>c:\ti\ccsv6\tools\compiler\ti-cgt-msp430_4.4.1\lib\</path>
         <kind>archive</kind>
         <file>rts430x_lc_rd.lib</file>
         <name>xdscale.obj</name>
      </input_file>
      <input_file id="fl-70">
         <path>c:\ti\ccsv6\tools\compiler\ti-cgt-msp430_4.4.1\lib\</path>
         <kind>archive</kind>
         <file>rts430x_lc_rd.lib</file>
         <name>xdunscal.obj</name>
      </input_file>
      <input_file id="fl-71">
         <path>c:\ti\ccsv6\tools\compiler\ti-cgt-msp430_4.4.1\lib\</path>
         <kind>archive</kind>
         <file>rts430x_lc_rd.lib</file>
         <name>xfdscale.obj</name>
      </input_file>
      <input_file id="fl-72">
         <path>c:\ti\ccsv6\tools\compiler\ti-cgt-msp430_4.4.1\lib\</path>
         <kind>archive</kind>
         <file>rts430x_lc_rd.lib</file>
         <name>xfdunsca.obj</name>
      </input_file>
      <input_file id="fl-73">
         <path>c:\ti\ccsv6\tools\compiler\ti-cgt-msp430_4.4.1\lib\</path>
         <kind>archive</kind>
         <file>rts430x_lc_rd.lib</file>
         <name>xferaise.obj</name>
      </input_file>
      <input_file id="fl-74">
         <path>c:\ti\ccsv6\tools\compiler\ti-cgt-msp430_4.4.1\lib\</path>
         <kind>archive</kind>
         <file>rts430x_lc_rd.lib</file>
         <name>xfvalues.obj</name>
      </input_file>
      <input_file id="fl-75">
         <path>c:\ti\ccsv6\tools\compiler\ti-cgt-msp430_4.4.1\lib\</path>
         <kind>archive</kind>
         <file>rts430x_lc_rd.lib</file>
         <name>abs.obj</name>
      </input_file>
      <input_file id="fl-76">
         <path>c:\ti\ccsv6\tools\compiler\ti-cgt-msp430_4.4.1\lib\</path>
         <kind>archive</kind>
         <file>rts430x_lc_rd.lib</file>
         <name>div32s.obj</name>
      </input_file>
      <input_file id="fl-77">
         <path>c:\ti\ccsv6\tools\compiler\ti-cgt-msp430_4.4.1\lib\</path>
         <kind>archive</kind>
         <file>rts430x_lc_rd.lib</file>
         <name>errno.obj</name>
      </input_file>
      <input_file id="fl-78">
         <path>c:\ti\ccsv6\tools\compiler\ti-cgt-msp430_4.4.1\lib\</path>
         <kind>archive</kind>
         <file>rts430x_lc_rd.lib</file>
         <name>feraiseexcept.obj</name>
      </input_file>
      <input_file id="fl-79">
         <path>c:\ti\ccsv6\tools\compiler\ti-cgt-msp430_4.4.1\lib\</path>
         <kind>archive</kind>
         <file>rts430x_lc_rd.lib</file>
         <name>llabs.obj</name>
      </input_file>
      <input_file id="fl-7a">
         <path>c:\ti\ccsv6\tools\compiler\ti-cgt-msp430_4.4.1\lib\</path>
         <kind>archive</kind>
         <file>rts430x_lc_rd.lib</file>
         <name>lsr16.obj</name>
      </input_file>
      <input_file id="fl-7b">
         <path>c:\ti\ccsv6\tools\compiler\ti-cgt-msp430_4.4.1\lib\</path>
         <kind>archive</kind>
         <file>rts430x_lc_rd.lib</file>
         <name>mult1632.obj</name>
      </input_file>
      <input_file id="fl-7c">
         <path>c:\ti\ccsv6\tools\compiler\ti-cgt-msp430_4.4.1\lib\</path>
         <kind>archive</kind>
         <file>rts430x_lc_rd.lib</file>
         <name>mult32.obj</name>
      </input_file>
      <input_file id="fl-7d">
         <path>c:\ti\ccsv6\tools\compiler\ti-cgt-msp430_4.4.1\lib\</path>
         <kind>archive</kind>
         <file>rts430x_lc_rd.lib</file>
         <name>raise.obj</name>
      </input_file>
      <input_file id="fl-7e">
         <path>c:\ti\ccsv6\tools\compiler\ti-cgt-msp430_4.4.1\lib\</path>
         <kind>archive</kind>
         <file>rts430x_lc_rd.lib</file>
         <name>signal.obj</name>
      </input_file>
      <input_file id="fl-7f">
         <path>c:\ti\ccsv6\tools\compiler\ti-cgt-msp430_4.4.1\lib\</path>
         <kind>archive</kind>
         <file>rts430x_lc_rd.lib</file>
         <name>xfdnorm.obj</name>
      </input_file>
   </input_file_list>
   <object_component_list>
      <object_component id="oc-8e">
         <name>.bss</name>
         <uninitialized>true</uninitialized>
         <run_address>0x2b20</run_address>
         <size>0xb6</size>
         <input_file_ref idref="fl-2"/>
      </object_component>
      <object_component id="oc-96">
         <name>.bss</name>
         <uninitialized>true</uninitialized>
         <run_address>0x1c00</run_address>
         <size>0xf20</size>
         <input_file_ref idref="fl-3"/>
      </object_component>
      <object_component id="oc-1ce">
         <name>.bss:_lock</name>
         <uninitialized>true</uninitialized>
         <run_address>0x2cf6</run_address>
         <size>0x4</size>
         <input_file_ref idref="fl-4c"/>
      </object_component>
      <object_component id="oc-1d4">
         <name>.bss:_unlock</name>
         <uninitialized>true</uninitialized>
         <run_address>0x2cfa</run_address>
         <size>0x4</size>
         <input_file_ref idref="fl-4c"/>
      </object_component>
      <object_component id="oc-185">
         <name>.bss</name>
         <uninitialized>true</uninitialized>
         <run_address>0x2c86</run_address>
         <size>0x68</size>
         <input_file_ref idref="fl-74"/>
      </object_component>
      <object_component id="oc-193">
         <name>.bss</name>
         <uninitialized>true</uninitialized>
         <run_address>0x2cfe</run_address>
         <size>0x2</size>
         <input_file_ref idref="fl-77"/>
      </object_component>
      <object_component id="oc-197">
         <name>.bss</name>
         <uninitialized>true</uninitialized>
         <run_address>0x2cee</run_address>
         <size>0x8</size>
         <input_file_ref idref="fl-78"/>
      </object_component>
      <object_component id="oc-1b5">
         <name>.bss</name>
         <uninitialized>true</uninitialized>
         <run_address>0x2bd6</run_address>
         <size>0xb0</size>
         <input_file_ref idref="fl-7e"/>
      </object_component>
      <object_component id="oc-9e">
         <name>.stack</name>
         <uninitialized>true</uninitialized>
         <run_address>0x5b60</run_address>
         <size>0x4</size>
         <input_file_ref idref="fl-33"/>
      </object_component>
      <object_component id="oc-28d">
         <name>.stack</name>
         <uninitialized>true</uninitialized>
         <run_address>0x5b60</run_address>
         <size>0x0</size>
      </object_component>
      <object_component id="oc-21d">
         <name>.text:__divull</name>
         <load_address>0x10000</load_address>
         <run_address>0x10000</run_address>
         <size>0x39a</size>
         <input_file_ref idref="fl-69"/>
      </object_component>
      <object_component id="oc-1cc">
         <name>.text:main</name>
         <load_address>0x1039a</load_address>
         <run_address>0x1039a</run_address>
         <size>0x2c4</size>
         <input_file_ref idref="fl-2"/>
      </object_component>
      <object_component id="oc-201">
         <name>.text:_setfield</name>
         <load_address>0x1065e</load_address>
         <run_address>0x1065e</run_address>
         <size>0x262</size>
         <input_file_ref idref="fl-55"/>
      </object_component>
      <object_component id="oc-1f3">
         <name>.text:__TI_printfi</name>
         <load_address>0x108c0</load_address>
         <run_address>0x108c0</run_address>
         <size>0x202</size>
         <input_file_ref idref="fl-55"/>
      </object_component>
      <object_component id="oc-209">
         <name>.text:_pproc_fgea</name>
         <load_address>0x10ac2</load_address>
         <run_address>0x10ac2</run_address>
         <size>0x1ba</size>
         <input_file_ref idref="fl-55"/>
      </object_component>
      <object_component id="oc-20c">
         <name>.text:_getarg_diouxp</name>
         <load_address>0x10c7c</load_address>
         <run_address>0x10c7c</run_address>
         <size>0x188</size>
         <input_file_ref idref="fl-55"/>
      </object_component>
      <object_component id="oc-21b">
         <name>.text:acvt</name>
         <load_address>0x10e04</load_address>
         <run_address>0x10e04</run_address>
         <size>0x184</size>
         <input_file_ref idref="fl-55"/>
      </object_component>
      <object_component id="oc-215">
         <name>.text:ecvt</name>
         <load_address>0x10f88</load_address>
         <run_address>0x10f88</run_address>
         <size>0x174</size>
         <input_file_ref idref="fl-55"/>
      </object_component>
      <object_component id="oc-218">
         <name>.text:fcvt</name>
         <load_address>0x110fc</load_address>
         <run_address>0x110fc</run_address>
         <size>0x162</size>
         <input_file_ref idref="fl-55"/>
      </object_component>
      <object_component id="oc-212">
         <name>.text:_pconv_e</name>
         <load_address>0x1125e</load_address>
         <run_address>0x1125e</run_address>
         <size>0x14a</size>
         <input_file_ref idref="fl-55"/>
      </object_component>
      <object_component id="oc-208">
         <name>.text:_pproc_diouxp</name>
         <load_address>0x113a8</load_address>
         <run_address>0x113a8</run_address>
         <size>0x148</size>
         <input_file_ref idref="fl-55"/>
      </object_component>
      <object_component id="oc-11e">
         <name>.text</name>
         <load_address>0x114f0</load_address>
         <run_address>0x114f0</run_address>
         <size>0x130</size>
         <input_file_ref idref="fl-5f"/>
      </object_component>
      <object_component id="oc-213">
         <name>.text:_pconv_a</name>
         <load_address>0x11620</load_address>
         <run_address>0x11620</run_address>
         <size>0x120</size>
         <input_file_ref idref="fl-55"/>
      </object_component>
      <object_component id="oc-22b">
         <name>.text:_FDscale</name>
         <load_address>0x11740</load_address>
         <run_address>0x11740</run_address>
         <size>0x11c</size>
         <input_file_ref idref="fl-71"/>
      </object_component>
      <object_component id="oc-1fd">
         <name>.text:halLcdPrint</name>
         <load_address>0x1185c</load_address>
         <run_address>0x1185c</run_address>
         <size>0x106</size>
         <input_file_ref idref="fl-3"/>
      </object_component>
      <object_component id="oc-1e0">
         <name>.text:RxPacket</name>
         <load_address>0x11962</load_address>
         <run_address>0x11962</run_address>
         <size>0x100</size>
         <input_file_ref idref="fl-2"/>
      </object_component>
      <object_component id="oc-200">
         <name>.text:_pproc_fwp</name>
         <load_address>0x11a62</load_address>
         <run_address>0x11a62</run_address>
         <size>0xfa</size>
         <input_file_ref idref="fl-55"/>
      </object_component>
      <object_component id="oc-210">
         <name>.text:_pconv_g</name>
         <load_address>0x11b5c</load_address>
         <run_address>0x11b5c</run_address>
         <size>0xee</size>
         <input_file_ref idref="fl-55"/>
      </object_component>
      <object_component id="oc-1df">
         <name>.text:TxPacket</name>
         <load_address>0x11c4a</load_address>
         <run_address>0x11c4a</run_address>
         <size>0xd8</size>
         <input_file_ref idref="fl-2"/>
      </object_component>
      <object_component id="oc-137">
         <name>.text</name>
         <load_address>0x11d22</load_address>
         <run_address>0x11d22</run_address>
         <size>0xb6</size>
         <input_file_ref idref="fl-64"/>
      </object_component>
      <object_component id="oc-202">
         <name>.text:_pproc_str</name>
         <load_address>0x11dd8</load_address>
         <run_address>0x11dd8</run_address>
         <size>0xa8</size>
         <input_file_ref idref="fl-55"/>
      </object_component>
      <object_component id="oc-20d">
         <name>.text:_ltostr</name>
         <load_address>0x11e80</load_address>
         <run_address>0x11e80</run_address>
         <size>0x9e</size>
         <input_file_ref idref="fl-55"/>
      </object_component>
      <object_component id="oc-216">
         <name>.text:_ecpy</name>
         <load_address>0x11f1e</load_address>
         <run_address>0x11f1e</run_address>
         <size>0x94</size>
         <input_file_ref idref="fl-55"/>
      </object_component>
      <object_component id="oc-217">
         <name>.text:_mcpy</name>
         <load_address>0x11fb2</load_address>
         <run_address>0x11fb2</run_address>
         <size>0x90</size>
         <input_file_ref idref="fl-55"/>
      </object_component>
      <object_component id="oc-1eb">
         <name>.text:halLcdInit</name>
         <load_address>0x12042</load_address>
         <run_address>0x12042</run_address>
         <size>0x8e</size>
         <input_file_ref idref="fl-3"/>
      </object_component>
      <object_component id="oc-128">
         <name>.text</name>
         <load_address>0x120d0</load_address>
         <run_address>0x120d0</run_address>
         <size>0x8e</size>
         <input_file_ref idref="fl-61"/>
      </object_component>
      <object_component id="oc-22a">
         <name>.text:_FDnorm</name>
         <load_address>0x1215e</load_address>
         <run_address>0x1215e</run_address>
         <size>0x8c</size>
         <input_file_ref idref="fl-7f"/>
      </object_component>
      <object_component id="oc-214">
         <name>.text:_div</name>
         <load_address>0x121ea</load_address>
         <run_address>0x121ea</run_address>
         <size>0x88</size>
         <input_file_ref idref="fl-55"/>
      </object_component>
      <object_component id="oc-1e1">
         <name>.text:mov_adelante</name>
         <load_address>0x12272</load_address>
         <run_address>0x12272</run_address>
         <size>0x84</size>
         <input_file_ref idref="fl-2"/>
      </object_component>
      <object_component id="oc-1e2">
         <name>.text:mov_atras</name>
         <load_address>0x122f6</load_address>
         <run_address>0x122f6</run_address>
         <size>0x84</size>
         <input_file_ref idref="fl-2"/>
      </object_component>
      <object_component id="oc-21e">
         <name>.text:ltoa</name>
         <load_address>0x1237a</load_address>
         <run_address>0x1237a</run_address>
         <size>0x80</size>
         <input_file_ref idref="fl-6b"/>
      </object_component>
      <object_component id="oc-1e3">
         <name>.text:giro_derecha</name>
         <load_address>0x123fa</load_address>
         <run_address>0x123fa</run_address>
         <size>0x7e</size>
         <input_file_ref idref="fl-2"/>
      </object_component>
      <object_component id="oc-1e6">
         <name>.text:giro_izquierda</name>
         <load_address>0x12478</load_address>
         <run_address>0x12478</run_address>
         <size>0x7e</size>
         <input_file_ref idref="fl-2"/>
      </object_component>
      <object_component id="oc-1e5">
         <name>.text:halt_motores</name>
         <load_address>0x124f6</load_address>
         <run_address>0x124f6</run_address>
         <size>0x7e</size>
         <input_file_ref idref="fl-2"/>
      </object_component>
      <object_component id="oc-146">
         <name>.text</name>
         <load_address>0x12574</load_address>
         <run_address>0x12574</run_address>
         <size>0x7e</size>
         <input_file_ref idref="fl-67"/>
      </object_component>
      <object_component id="oc-1c8">
         <name>.text:_auto_init_hold_wdt</name>
         <load_address>0x125f2</load_address>
         <run_address>0x125f2</run_address>
         <size>0x72</size>
         <input_file_ref idref="fl-54"/>
      </object_component>
      <object_component id="oc-1dc">
         <name>.text:config_motores</name>
         <load_address>0x12664</load_address>
         <run_address>0x12664</run_address>
         <size>0x72</size>
         <input_file_ref idref="fl-2"/>
      </object_component>
      <object_component id="oc-1fb">
         <name>.text:halLcdDrawCurrentBlock</name>
         <load_address>0x126d6</load_address>
         <run_address>0x126d6</run_address>
         <size>0x6c</size>
         <input_file_ref idref="fl-3"/>
      </object_component>
      <object_component id="oc-211">
         <name>.text:_pconv_f</name>
         <load_address>0x12742</load_address>
         <run_address>0x12742</run_address>
         <size>0x6a</size>
         <input_file_ref idref="fl-55"/>
      </object_component>
      <object_component id="oc-141">
         <name>.text</name>
         <load_address>0x127ac</load_address>
         <run_address>0x127ac</run_address>
         <size>0x68</size>
         <input_file_ref idref="fl-66"/>
      </object_component>
      <object_component id="oc-226">
         <name>.text:_FDunscale</name>
         <load_address>0x12814</load_address>
         <run_address>0x12814</run_address>
         <size>0x64</size>
         <input_file_ref idref="fl-72"/>
      </object_component>
      <object_component id="oc-206">
         <name>.text:atoi</name>
         <load_address>0x12878</load_address>
         <run_address>0x12878</run_address>
         <size>0x62</size>
         <input_file_ref idref="fl-5a"/>
      </object_component>
      <object_component id="oc-220">
         <name>.text:ldexp</name>
         <load_address>0x128da</load_address>
         <run_address>0x128da</run_address>
         <size>0x5c</size>
         <input_file_ref idref="fl-68"/>
      </object_component>
      <object_component id="oc-1d6">
         <name>.text:init_botons</name>
         <load_address>0x12936</load_address>
         <run_address>0x12936</run_address>
         <size>0x58</size>
         <input_file_ref idref="fl-2"/>
      </object_component>
      <object_component id="oc-114">
         <name>.text</name>
         <load_address>0x1298e</load_address>
         <run_address>0x1298e</run_address>
         <size>0x58</size>
         <input_file_ref idref="fl-5d"/>
      </object_component>
      <object_component id="oc-219">
         <name>.text:_fcpy</name>
         <load_address>0x129e6</load_address>
         <run_address>0x129e6</run_address>
         <size>0x4e</size>
         <input_file_ref idref="fl-55"/>
      </object_component>
      <object_component id="oc-123">
         <name>.text</name>
         <load_address>0x12a34</load_address>
         <run_address>0x12a34</run_address>
         <size>0x4a</size>
         <input_file_ref idref="fl-60"/>
      </object_component>
      <object_component id="oc-132">
         <name>.text</name>
         <load_address>0x12a7e</load_address>
         <run_address>0x12a7e</run_address>
         <size>0x4a</size>
         <input_file_ref idref="fl-63"/>
      </object_component>
      <object_component id="oc-1d9">
         <name>.text:init_UART</name>
         <load_address>0x12ac8</load_address>
         <run_address>0x12ac8</run_address>
         <size>0x48</size>
         <input_file_ref idref="fl-2"/>
      </object_component>
      <object_component id="oc-1ff">
         <name>.text:_pproc_fflags</name>
         <load_address>0x12b10</load_address>
         <run_address>0x12b10</run_address>
         <size>0x46</size>
         <input_file_ref idref="fl-55"/>
      </object_component>
      <object_component id="oc-1ed">
         <name>.text:halLcdSetBackLight</name>
         <load_address>0x12b56</load_address>
         <run_address>0x12b56</run_address>
         <size>0x46</size>
         <input_file_ref idref="fl-3"/>
      </object_component>
      <object_component id="oc-1de">
         <name>.text:sprintf</name>
         <load_address>0x12b9c</load_address>
         <run_address>0x12b9c</run_address>
         <size>0x44</size>
         <input_file_ref idref="fl-52"/>
      </object_component>
      <object_component id="oc-1f8">
         <name>.text:halLcdSendCommand</name>
         <load_address>0x12be0</load_address>
         <run_address>0x12be0</run_address>
         <size>0x42</size>
         <input_file_ref idref="fl-3"/>
      </object_component>
      <object_component id="oc-18e">
         <name>.text</name>
         <load_address>0x12c22</load_address>
         <run_address>0x12c22</run_address>
         <size>0x40</size>
         <input_file_ref idref="fl-76"/>
      </object_component>
      <object_component id="oc-222">
         <name>.text:incr_hex</name>
         <load_address>0x12c62</load_address>
         <run_address>0x12c62</run_address>
         <size>0x3e</size>
         <input_file_ref idref="fl-55"/>
      </object_component>
      <object_component id="oc-224">
         <name>.text:__lslll</name>
         <load_address>0x12ca0</load_address>
         <run_address>0x12ca0</run_address>
         <size>0x3a</size>
         <input_file_ref idref="fl-69"/>
      </object_component>
      <object_component id="oc-21c">
         <name>.text:__lsrll</name>
         <load_address>0x12cda</load_address>
         <run_address>0x12cda</run_address>
         <size>0x3a</size>
         <input_file_ref idref="fl-69"/>
      </object_component>
      <object_component id="oc-1d8">
         <name>.text:init_UCS</name>
         <load_address>0x12d14</load_address>
         <run_address>0x12d14</run_address>
         <size>0x3a</size>
         <input_file_ref idref="fl-2"/>
      </object_component>
      <object_component id="oc-20f">
         <name>.text:_FDclass</name>
         <load_address>0x12d4e</load_address>
         <run_address>0x12d4e</run_address>
         <size>0x38</size>
         <input_file_ref idref="fl-59"/>
      </object_component>
      <object_component id="oc-1e8">
         <name>.text:leer_sensor_derecho</name>
         <load_address>0x12d86</load_address>
         <run_address>0x12d86</run_address>
         <size>0x38</size>
         <input_file_ref idref="fl-2"/>
      </object_component>
      <object_component id="oc-1e7">
         <name>.text:leer_sensor_frontal</name>
         <load_address>0x12dbe</load_address>
         <run_address>0x12dbe</run_address>
         <size>0x38</size>
         <input_file_ref idref="fl-2"/>
      </object_component>
      <object_component id="oc-1e9">
         <name>.text:leer_sensor_izquierdo</name>
         <load_address>0x12df6</load_address>
         <run_address>0x12df6</run_address>
         <size>0x38</size>
         <input_file_ref idref="fl-2"/>
      </object_component>
      <object_component id="oc-22e">
         <name>.text:signal</name>
         <load_address>0x12e2e</load_address>
         <run_address>0x12e2e</run_address>
         <size>0x38</size>
         <input_file_ref idref="fl-7e"/>
      </object_component>
      <object_component id="oc-228">
         <name>.text:_Feraise</name>
         <load_address>0x12e66</load_address>
         <run_address>0x12e66</run_address>
         <size>0x36</size>
         <input_file_ref idref="fl-73"/>
      </object_component>
      <object_component id="oc-12d">
         <name>.text</name>
         <load_address>0x12e9c</load_address>
         <run_address>0x12e9c</run_address>
         <size>0x36</size>
         <input_file_ref idref="fl-62"/>
      </object_component>
      <object_component id="oc-22c">
         <name>.text:feraiseexcept</name>
         <load_address>0x12ed2</load_address>
         <run_address>0x12ed2</run_address>
         <size>0x34</size>
         <input_file_ref idref="fl-78"/>
      </object_component>
      <object_component id="oc-1fa">
         <name>.text:halLcdSetAddress</name>
         <load_address>0x12f06</load_address>
         <run_address>0x12f06</run_address>
         <size>0x34</size>
         <input_file_ref idref="fl-3"/>
      </object_component>
      <object_component id="oc-22d">
         <name>.text:raise</name>
         <load_address>0x12f3a</load_address>
         <run_address>0x12f3a</run_address>
         <size>0x32</size>
         <input_file_ref idref="fl-7d"/>
      </object_component>
      <object_component id="oc-1e4">
         <name>.text:delay</name>
         <load_address>0x12f6c</load_address>
         <run_address>0x12f6c</run_address>
         <size>0x30</size>
         <input_file_ref idref="fl-2"/>
      </object_component>
      <object_component id="oc-21a">
         <name>.text:frexp</name>
         <load_address>0x12f9c</load_address>
         <run_address>0x12f9c</run_address>
         <size>0x30</size>
         <input_file_ref idref="fl-5e"/>
      </object_component>
      <object_component id="oc-1ec">
         <name>.text:halLcdBackLightInit</name>
         <load_address>0x12fcc</load_address>
         <run_address>0x12fcc</run_address>
         <size>0x2e</size>
         <input_file_ref idref="fl-3"/>
      </object_component>
      <object_component id="oc-1d7">
         <name>.text:init_timers</name>
         <load_address>0x12ffa</load_address>
         <run_address>0x12ffa</run_address>
         <size>0x26</size>
         <input_file_ref idref="fl-2"/>
      </object_component>
      <object_component id="oc-1ef">
         <name>.text:halLcdClearScreen</name>
         <load_address>0x13020</load_address>
         <run_address>0x13020</run_address>
         <size>0x24</size>
         <input_file_ref idref="fl-3"/>
      </object_component>
      <object_component id="oc-1f0">
         <name>.text:halLcdPrintLine</name>
         <load_address>0x13044</load_address>
         <run_address>0x13044</run_address>
         <size>0x24</size>
         <input_file_ref idref="fl-3"/>
      </object_component>
      <object_component id="oc-1ee">
         <name>.text:halLcdSetContrast</name>
         <load_address>0x13068</load_address>
         <run_address>0x13068</run_address>
         <size>0x22</size>
         <input_file_ref idref="fl-3"/>
      </object_component>
      <object_component id="oc-1f1">
         <name>.text:_outs</name>
         <load_address>0x1308a</load_address>
         <run_address>0x1308a</run_address>
         <size>0x20</size>
         <input_file_ref idref="fl-52"/>
      </object_component>
      <object_component id="oc-221">
         <name>.text:val_hex</name>
         <load_address>0x130aa</load_address>
         <run_address>0x130aa</run_address>
         <size>0x20</size>
         <input_file_ref idref="fl-55"/>
      </object_component>
      <object_component id="oc-1f9">
         <name>.text:halLcdActive</name>
         <load_address>0x130ca</load_address>
         <run_address>0x130ca</run_address>
         <size>0x1e</size>
         <input_file_ref idref="fl-3"/>
      </object_component>
      <object_component id="oc-1db">
         <name>.text:init_LCD</name>
         <load_address>0x130e8</load_address>
         <run_address>0x130e8</run_address>
         <size>0x1e</size>
         <input_file_ref idref="fl-2"/>
      </object_component>
      <object_component id="oc-20a">
         <name>.text:memccpy</name>
         <load_address>0x13106</load_address>
         <run_address>0x13106</run_address>
         <size>0x1e</size>
         <input_file_ref idref="fl-6c"/>
      </object_component>
      <object_component id="oc-229">
         <name>.text:strchr</name>
         <load_address>0x13124</load_address>
         <run_address>0x13124</run_address>
         <size>0x1c</size>
         <input_file_ref idref="fl-56"/>
      </object_component>
      <object_component id="oc-207">
         <name>.text:memset</name>
         <load_address>0x13140</load_address>
         <run_address>0x13140</run_address>
         <size>0x16</size>
         <input_file_ref idref="fl-6d"/>
      </object_component>
      <object_component id="oc-10f">
         <name>.text</name>
         <load_address>0x13156</load_address>
         <run_address>0x13156</run_address>
         <size>0x16</size>
         <input_file_ref idref="fl-5c"/>
      </object_component>
      <object_component id="oc-1f2">
         <name>.text:_outc</name>
         <load_address>0x1316c</load_address>
         <run_address>0x1316c</run_address>
         <size>0x14</size>
         <input_file_ref idref="fl-52"/>
      </object_component>
      <object_component id="oc-1c1">
         <name>.text:memcpy</name>
         <load_address>0x13180</load_address>
         <run_address>0x13180</run_address>
         <size>0x14</size>
         <input_file_ref idref="fl-4e"/>
      </object_component>
      <object_component id="oc-1fc">
         <name>.text</name>
         <load_address>0x13194</load_address>
         <run_address>0x13194</run_address>
         <size>0x14</size>
         <input_file_ref idref="fl-50"/>
      </object_component>
      <object_component id="oc-20e">
         <name>.text:toupper</name>
         <load_address>0x131a8</load_address>
         <run_address>0x131a8</run_address>
         <size>0x12</size>
         <input_file_ref idref="fl-58"/>
      </object_component>
      <object_component id="oc-1da">
         <name>.text:config_P4_LEDS</name>
         <load_address>0x131ba</load_address>
         <run_address>0x131ba</run_address>
         <size>0x10</size>
         <input_file_ref idref="fl-2"/>
      </object_component>
      <object_component id="oc-223">
         <name>.text:l_lsr</name>
         <load_address>0x131ca</load_address>
         <run_address>0x131ca</run_address>
         <size>0x10</size>
         <input_file_ref idref="fl-6a"/>
      </object_component>
      <object_component id="oc-205">
         <name>.text:halLcdDrawBlock</name>
         <load_address>0x131da</load_address>
         <run_address>0x131da</run_address>
         <size>0xe</size>
         <input_file_ref idref="fl-3"/>
      </object_component>
      <object_component id="oc-1fe">
         <name>.text:strlen</name>
         <load_address>0x131e8</load_address>
         <run_address>0x131e8</run_address>
         <size>0xe</size>
         <input_file_ref idref="fl-57"/>
      </object_component>
      <object_component id="oc-1f6">
         <name>.text:TxUAC0</name>
         <load_address>0x131f6</load_address>
         <run_address>0x131f6</run_address>
         <size>0xc</size>
         <input_file_ref idref="fl-2"/>
      </object_component>
      <object_component id="oc-225">
         <name>.text:abs</name>
         <load_address>0x13202</load_address>
         <run_address>0x13202</run_address>
         <size>0xa</size>
         <input_file_ref idref="fl-75"/>
      </object_component>
      <object_component id="oc-13c">
         <name>.text</name>
         <load_address>0x1320c</load_address>
         <run_address>0x1320c</run_address>
         <size>0xa</size>
         <input_file_ref idref="fl-65"/>
      </object_component>
      <object_component id="oc-c7">
         <name>.text</name>
         <load_address>0x13216</load_address>
         <run_address>0x13216</run_address>
         <size>0xa</size>
         <input_file_ref idref="fl-4d"/>
      </object_component>
      <object_component id="oc-1a3">
         <name>.text</name>
         <load_address>0x13220</load_address>
         <run_address>0x13220</run_address>
         <size>0xa</size>
         <input_file_ref idref="fl-7a"/>
      </object_component>
      <object_component id="oc-1f7">
         <name>.text:Sentit_Dades_Rx</name>
         <load_address>0x1322a</load_address>
         <run_address>0x1322a</run_address>
         <size>0x8</size>
         <input_file_ref idref="fl-2"/>
      </object_component>
      <object_component id="oc-1f5">
         <name>.text:Sentit_Dades_Tx</name>
         <load_address>0x13232</load_address>
         <run_address>0x13232</run_address>
         <size>0x8</size>
         <input_file_ref idref="fl-2"/>
      </object_component>
      <object_component id="oc-1dd">
         <name>.text:escribir</name>
         <load_address>0x1323a</load_address>
         <run_address>0x1323a</run_address>
         <size>0x8</size>
         <input_file_ref idref="fl-2"/>
      </object_component>
      <object_component id="oc-227">
         <name>.text:_Dscale</name>
         <load_address>0x13242</load_address>
         <run_address>0x13242</run_address>
         <size>0x4</size>
         <input_file_ref idref="fl-6f"/>
      </object_component>
      <object_component id="oc-21f">
         <name>.text:_Dunscale</name>
         <load_address>0x13246</load_address>
         <run_address>0x13246</run_address>
         <size>0x4</size>
         <input_file_ref idref="fl-70"/>
      </object_component>
      <object_component id="oc-1c7">
         <name>.text:_system_pre_init</name>
         <load_address>0x1324a</load_address>
         <run_address>0x1324a</run_address>
         <size>0x4</size>
         <input_file_ref idref="fl-51"/>
      </object_component>
      <object_component id="oc-1cd">
         <name>.text:abort</name>
         <load_address>0x1324e</load_address>
         <run_address>0x1324e</run_address>
         <size>0x4</size>
         <input_file_ref idref="fl-38"/>
      </object_component>
      <object_component id="oc-1ea">
         <name>.text:_nop</name>
         <load_address>0x13252</load_address>
         <run_address>0x13252</run_address>
         <size>0x2</size>
         <input_file_ref idref="fl-4c"/>
      </object_component>
      <object_component id="oc-1c3">
         <name>.text:_isr:Port2_ISR</name>
         <load_address>0x5e2e</load_address>
         <run_address>0x5e2e</run_address>
         <size>0xc4</size>
         <input_file_ref idref="fl-2"/>
      </object_component>
      <object_component id="oc-1c4">
         <name>.text:_isr:TimerA1_ISR</name>
         <load_address>0x5ef2</load_address>
         <run_address>0x5ef2</run_address>
         <size>0x8c</size>
         <input_file_ref idref="fl-2"/>
      </object_component>
      <object_component id="oc-1c6">
         <name>.text:_isr:TimerB_ISR</name>
         <load_address>0x5f7e</load_address>
         <run_address>0x5f7e</run_address>
         <size>0x1a</size>
         <input_file_ref idref="fl-2"/>
      </object_component>
      <object_component id="oc-1c5">
         <name>.text:_isr:USCI_A0_ISR</name>
         <load_address>0x5f98</load_address>
         <run_address>0x5f98</run_address>
         <size>0x1a</size>
         <input_file_ref idref="fl-2"/>
      </object_component>
      <object_component id="oc-88">
         <name>.text:_isr:_c_int00_noargs_noexit</name>
         <load_address>0x5fb2</load_address>
         <run_address>0x5fb2</run_address>
         <size>0x1a</size>
         <input_file_ref idref="fl-34"/>
      </object_component>
      <object_component id="oc-bd">
         <name>.text:_isr:__TI_ISR_TRAP</name>
         <load_address>0x5fcc</load_address>
         <run_address>0x5fcc</run_address>
         <size>0x6</size>
         <input_file_ref idref="fl-4b"/>
      </object_component>
      <object_component id="oc-90">
         <name>.cinit</name>
         <load_address>0x5c00</load_address>
         <run_address>0x5c00</run_address>
         <size>0xec</size>
         <input_file_ref idref="fl-2"/>
      </object_component>
      <object_component id="oc-98">
         <name>.cinit</name>
         <load_address>0x5cec</load_address>
         <run_address>0x5cec</run_address>
         <size>0xb5</size>
         <input_file_ref idref="fl-3"/>
      </object_component>
      <object_component id="oc-187">
         <name>.cinit</name>
         <load_address>0x5da2</load_address>
         <run_address>0x5da2</run_address>
         <size>0x50</size>
         <input_file_ref idref="fl-74"/>
      </object_component>
      <object_component id="oc-199">
         <name>.cinit</name>
         <load_address>0x5df2</load_address>
         <run_address>0x5df2</run_address>
         <size>0x14</size>
         <input_file_ref idref="fl-78"/>
      </object_component>
      <object_component id="oc-1cf">
         <name>.cinit:_lock</name>
         <load_address>0x5e06</load_address>
         <run_address>0x5e06</run_address>
         <size>0xa</size>
         <input_file_ref idref="fl-4c"/>
      </object_component>
      <object_component id="oc-1d5">
         <name>.cinit:_unlock</name>
         <load_address>0x5e10</load_address>
         <run_address>0x5e10</run_address>
         <size>0xa</size>
         <input_file_ref idref="fl-4c"/>
      </object_component>
      <object_component id="oc-1b7">
         <name>.cinit</name>
         <load_address>0x5e1a</load_address>
         <run_address>0x5e1a</run_address>
         <size>0xa</size>
         <input_file_ref idref="fl-7e"/>
      </object_component>
      <object_component id="oc-195">
         <name>.cinit</name>
         <load_address>0x5e24</load_address>
         <run_address>0x5e24</run_address>
         <size>0x8</size>
         <input_file_ref idref="fl-77"/>
      </object_component>
      <object_component id="oc-204">
         <name>.const:fonts</name>
         <load_address>0x5fd2</load_address>
         <run_address>0x5fd2</run_address>
         <size>0x854</size>
         <input_file_ref idref="fl-3"/>
      </object_component>
      <object_component id="oc-20b">
         <name>.const:.string:_ctypes_</name>
         <load_address>0x6826</load_address>
         <run_address>0x6826</run_address>
         <size>0x101</size>
         <input_file_ref idref="fl-5b"/>
      </object_component>
      <object_component id="oc-203">
         <name>.const:.string:fonts_lookup</name>
         <load_address>0x6928</load_address>
         <run_address>0x6928</run_address>
         <size>0x89</size>
         <input_file_ref idref="fl-3"/>
      </object_component>
      <object_component id="oc-91">
         <name>.const:.string</name>
         <load_address>0x69b2</load_address>
         <run_address>0x69b2</run_address>
         <size>0x74</size>
         <input_file_ref idref="fl-2"/>
      </object_component>
      <object_component id="oc-ef">
         <name>.const:.string</name>
         <load_address>0x6a26</load_address>
         <run_address>0x6a26</run_address>
         <size>0x26</size>
         <input_file_ref idref="fl-55"/>
      </object_component>
      <object_component id="oc-1f4">
         <name>.const:.string:$P$T0$1</name>
         <load_address>0x6a4c</load_address>
         <run_address>0x6a4c</run_address>
         <size>0x12</size>
         <input_file_ref idref="fl-2"/>
      </object_component>
      <object_component id="oc-6d">
         <name>.int41</name>
         <load_address>0xffd2</load_address>
         <run_address>0xffd2</run_address>
         <size>0x2</size>
         <input_file_ref idref="fl-39"/>
      </object_component>
      <object_component id="oc-6e">
         <name>.int42</name>
         <load_address>0xffd4</load_address>
         <run_address>0xffd4</run_address>
         <size>0x2</size>
         <input_file_ref idref="fl-2"/>
      </object_component>
      <object_component id="oc-6f">
         <name>.int43</name>
         <load_address>0xffd6</load_address>
         <run_address>0xffd6</run_address>
         <size>0x2</size>
         <input_file_ref idref="fl-3a"/>
      </object_component>
      <object_component id="oc-70">
         <name>.int44</name>
         <load_address>0xffd8</load_address>
         <run_address>0xffd8</run_address>
         <size>0x2</size>
         <input_file_ref idref="fl-3b"/>
      </object_component>
      <object_component id="oc-71">
         <name>.int45</name>
         <load_address>0xffda</load_address>
         <run_address>0xffda</run_address>
         <size>0x2</size>
         <input_file_ref idref="fl-3c"/>
      </object_component>
      <object_component id="oc-72">
         <name>.int46</name>
         <load_address>0xffdc</load_address>
         <run_address>0xffdc</run_address>
         <size>0x2</size>
         <input_file_ref idref="fl-3d"/>
      </object_component>
      <object_component id="oc-73">
         <name>.int47</name>
         <load_address>0xffde</load_address>
         <run_address>0xffde</run_address>
         <size>0x2</size>
         <input_file_ref idref="fl-3e"/>
      </object_component>
      <object_component id="oc-74">
         <name>.int48</name>
         <load_address>0xffe0</load_address>
         <run_address>0xffe0</run_address>
         <size>0x2</size>
         <input_file_ref idref="fl-3f"/>
      </object_component>
      <object_component id="oc-75">
         <name>.int49</name>
         <load_address>0xffe2</load_address>
         <run_address>0xffe2</run_address>
         <size>0x2</size>
         <input_file_ref idref="fl-2"/>
      </object_component>
      <object_component id="oc-76">
         <name>.int50</name>
         <load_address>0xffe4</load_address>
         <run_address>0xffe4</run_address>
         <size>0x2</size>
         <input_file_ref idref="fl-40"/>
      </object_component>
      <object_component id="oc-77">
         <name>.int51</name>
         <load_address>0xffe6</load_address>
         <run_address>0xffe6</run_address>
         <size>0x2</size>
         <input_file_ref idref="fl-41"/>
      </object_component>
      <object_component id="oc-78">
         <name>.int52</name>
         <load_address>0xffe8</load_address>
         <run_address>0xffe8</run_address>
         <size>0x2</size>
         <input_file_ref idref="fl-42"/>
      </object_component>
      <object_component id="oc-79">
         <name>.int53</name>
         <load_address>0xffea</load_address>
         <run_address>0xffea</run_address>
         <size>0x2</size>
         <input_file_ref idref="fl-43"/>
      </object_component>
      <object_component id="oc-7a">
         <name>.int54</name>
         <load_address>0xffec</load_address>
         <run_address>0xffec</run_address>
         <size>0x2</size>
         <input_file_ref idref="fl-44"/>
      </object_component>
      <object_component id="oc-7b">
         <name>.int55</name>
         <load_address>0xffee</load_address>
         <run_address>0xffee</run_address>
         <size>0x2</size>
         <input_file_ref idref="fl-45"/>
      </object_component>
      <object_component id="oc-7c">
         <name>.int56</name>
         <load_address>0xfff0</load_address>
         <run_address>0xfff0</run_address>
         <size>0x2</size>
         <input_file_ref idref="fl-46"/>
      </object_component>
      <object_component id="oc-7d">
         <name>.int57</name>
         <load_address>0xfff2</load_address>
         <run_address>0xfff2</run_address>
         <size>0x2</size>
         <input_file_ref idref="fl-2"/>
      </object_component>
      <object_component id="oc-7e">
         <name>.int58</name>
         <load_address>0xfff4</load_address>
         <run_address>0xfff4</run_address>
         <size>0x2</size>
         <input_file_ref idref="fl-47"/>
      </object_component>
      <object_component id="oc-7f">
         <name>.int59</name>
         <load_address>0xfff6</load_address>
         <run_address>0xfff6</run_address>
         <size>0x2</size>
         <input_file_ref idref="fl-48"/>
      </object_component>
      <object_component id="oc-80">
         <name>.int60</name>
         <load_address>0xfff8</load_address>
         <run_address>0xfff8</run_address>
         <size>0x2</size>
         <input_file_ref idref="fl-2"/>
      </object_component>
      <object_component id="oc-81">
         <name>.int61</name>
         <load_address>0xfffa</load_address>
         <run_address>0xfffa</run_address>
         <size>0x2</size>
         <input_file_ref idref="fl-49"/>
      </object_component>
      <object_component id="oc-82">
         <name>.int62</name>
         <load_address>0xfffc</load_address>
         <run_address>0xfffc</run_address>
         <size>0x2</size>
         <input_file_ref idref="fl-4a"/>
      </object_component>
      <object_component id="oc-9f">
         <name>.reset</name>
         <load_address>0xfffe</load_address>
         <run_address>0xfffe</run_address>
         <size>0x2</size>
         <input_file_ref idref="fl-33"/>
      </object_component>
      <object_component id="oc-8f">
         <name>.debug_info</name>
         <load_address>0x0</load_address>
         <run_address>0x0</run_address>
         <size>0x1f86</size>
         <input_file_ref idref="fl-2"/>
      </object_component>
      <object_component id="oc-97">
         <name>.debug_info</name>
         <load_address>0x1f86</load_address>
         <run_address>0x1f86</run_address>
         <size>0xfba</size>
         <input_file_ref idref="fl-3"/>
      </object_component>
      <object_component id="oc-9d">
         <name>.debug_info</name>
         <load_address>0x2f40</load_address>
         <run_address>0x2f40</run_address>
         <size>0x2ab</size>
         <input_file_ref idref="fl-33"/>
      </object_component>
      <object_component id="oc-a4">
         <name>.debug_info</name>
         <load_address>0x31eb</load_address>
         <run_address>0x31eb</run_address>
         <size>0x36d</size>
         <input_file_ref idref="fl-34"/>
      </object_component>
      <object_component id="oc-a9">
         <name>.debug_info</name>
         <load_address>0x3558</load_address>
         <run_address>0x3558</run_address>
         <size>0x2c3</size>
         <input_file_ref idref="fl-35"/>
      </object_component>
      <object_component id="oc-ae">
         <name>.debug_info</name>
         <load_address>0x381b</load_address>
         <run_address>0x381b</run_address>
         <size>0x263</size>
         <input_file_ref idref="fl-36"/>
      </object_component>
      <object_component id="oc-b3">
         <name>.debug_info</name>
         <load_address>0x3a7e</load_address>
         <run_address>0x3a7e</run_address>
         <size>0x267</size>
         <input_file_ref idref="fl-37"/>
      </object_component>
      <object_component id="oc-b8">
         <name>.debug_info</name>
         <load_address>0x3ce5</load_address>
         <run_address>0x3ce5</run_address>
         <size>0x2d9</size>
         <input_file_ref idref="fl-38"/>
      </object_component>
      <object_component id="oc-be">
         <name>.debug_info</name>
         <load_address>0x3fbe</load_address>
         <run_address>0x3fbe</run_address>
         <size>0xf3</size>
         <input_file_ref idref="fl-4b"/>
      </object_component>
      <object_component id="oc-c2">
         <name>.debug_info</name>
         <load_address>0x40b1</load_address>
         <run_address>0x40b1</run_address>
         <size>0x287</size>
         <input_file_ref idref="fl-4c"/>
      </object_component>
      <object_component id="oc-c8">
         <name>.debug_info</name>
         <load_address>0x4338</load_address>
         <run_address>0x4338</run_address>
         <size>0xf4</size>
         <input_file_ref idref="fl-4d"/>
      </object_component>
      <object_component id="oc-cc">
         <name>.debug_info</name>
         <load_address>0x442c</load_address>
         <run_address>0x442c</run_address>
         <size>0x307</size>
         <input_file_ref idref="fl-4e"/>
      </object_component>
      <object_component id="oc-d1">
         <name>.debug_info</name>
         <load_address>0x4733</load_address>
         <run_address>0x4733</run_address>
         <size>0x2b3</size>
         <input_file_ref idref="fl-4f"/>
      </object_component>
      <object_component id="oc-d6">
         <name>.debug_info</name>
         <load_address>0x49e6</load_address>
         <run_address>0x49e6</run_address>
         <size>0xf7</size>
         <input_file_ref idref="fl-50"/>
      </object_component>
      <object_component id="oc-da">
         <name>.debug_info</name>
         <load_address>0x4add</load_address>
         <run_address>0x4add</run_address>
         <size>0x266</size>
         <input_file_ref idref="fl-51"/>
      </object_component>
      <object_component id="oc-df">
         <name>.debug_info</name>
         <load_address>0x4d43</load_address>
         <run_address>0x4d43</run_address>
         <size>0x517</size>
         <input_file_ref idref="fl-52"/>
      </object_component>
      <object_component id="oc-e4">
         <name>.debug_info</name>
         <load_address>0x525a</load_address>
         <run_address>0x525a</run_address>
         <size>0x2c6</size>
         <input_file_ref idref="fl-53"/>
      </object_component>
      <object_component id="oc-e9">
         <name>.debug_info</name>
         <load_address>0x5520</load_address>
         <run_address>0x5520</run_address>
         <size>0x3fa</size>
         <input_file_ref idref="fl-54"/>
      </object_component>
      <object_component id="oc-ee">
         <name>.debug_info</name>
         <load_address>0x591a</load_address>
         <run_address>0x591a</run_address>
         <size>0x24a2</size>
         <input_file_ref idref="fl-55"/>
      </object_component>
      <object_component id="oc-f4">
         <name>.debug_info</name>
         <load_address>0x7dbc</load_address>
         <run_address>0x7dbc</run_address>
         <size>0x378</size>
         <input_file_ref idref="fl-56"/>
      </object_component>
      <object_component id="oc-f9">
         <name>.debug_info</name>
         <load_address>0x8134</load_address>
         <run_address>0x8134</run_address>
         <size>0x355</size>
         <input_file_ref idref="fl-57"/>
      </object_component>
      <object_component id="oc-fe">
         <name>.debug_info</name>
         <load_address>0x8489</load_address>
         <run_address>0x8489</run_address>
         <size>0x2a4</size>
         <input_file_ref idref="fl-58"/>
      </object_component>
      <object_component id="oc-103">
         <name>.debug_info</name>
         <load_address>0x872d</load_address>
         <run_address>0x872d</run_address>
         <size>0x2ec</size>
         <input_file_ref idref="fl-59"/>
      </object_component>
      <object_component id="oc-108">
         <name>.debug_info</name>
         <load_address>0x8a19</load_address>
         <run_address>0x8a19</run_address>
         <size>0x2df</size>
         <input_file_ref idref="fl-5a"/>
      </object_component>
      <object_component id="oc-10d">
         <name>.debug_info</name>
         <load_address>0x8cf8</load_address>
         <run_address>0x8cf8</run_address>
         <size>0x1c4</size>
         <input_file_ref idref="fl-5b"/>
      </object_component>
      <object_component id="oc-110">
         <name>.debug_info</name>
         <load_address>0x8ebc</load_address>
         <run_address>0x8ebc</run_address>
         <size>0xf7</size>
         <input_file_ref idref="fl-5c"/>
      </object_component>
      <object_component id="oc-115">
         <name>.debug_info</name>
         <load_address>0x8fb3</load_address>
         <run_address>0x8fb3</run_address>
         <size>0xf9</size>
         <input_file_ref idref="fl-5d"/>
      </object_component>
      <object_component id="oc-119">
         <name>.debug_info</name>
         <load_address>0x90ac</load_address>
         <run_address>0x90ac</run_address>
         <size>0x2f5</size>
         <input_file_ref idref="fl-5e"/>
      </object_component>
      <object_component id="oc-11f">
         <name>.debug_info</name>
         <load_address>0x93a1</load_address>
         <run_address>0x93a1</run_address>
         <size>0xfb</size>
         <input_file_ref idref="fl-5f"/>
      </object_component>
      <object_component id="oc-124">
         <name>.debug_info</name>
         <load_address>0x949c</load_address>
         <run_address>0x949c</run_address>
         <size>0x107</size>
         <input_file_ref idref="fl-60"/>
      </object_component>
      <object_component id="oc-129">
         <name>.debug_info</name>
         <load_address>0x95a3</load_address>
         <run_address>0x95a3</run_address>
         <size>0xfb</size>
         <input_file_ref idref="fl-61"/>
      </object_component>
      <object_component id="oc-12e">
         <name>.debug_info</name>
         <load_address>0x969e</load_address>
         <run_address>0x969e</run_address>
         <size>0x104</size>
         <input_file_ref idref="fl-62"/>
      </object_component>
      <object_component id="oc-133">
         <name>.debug_info</name>
         <load_address>0x97a2</load_address>
         <run_address>0x97a2</run_address>
         <size>0x104</size>
         <input_file_ref idref="fl-63"/>
      </object_component>
      <object_component id="oc-138">
         <name>.debug_info</name>
         <load_address>0x98a6</load_address>
         <run_address>0x98a6</run_address>
         <size>0xfb</size>
         <input_file_ref idref="fl-64"/>
      </object_component>
      <object_component id="oc-13d">
         <name>.debug_info</name>
         <load_address>0x99a1</load_address>
         <run_address>0x99a1</run_address>
         <size>0xfb</size>
         <input_file_ref idref="fl-65"/>
      </object_component>
      <object_component id="oc-142">
         <name>.debug_info</name>
         <load_address>0x9a9c</load_address>
         <run_address>0x9a9c</run_address>
         <size>0x10d</size>
         <input_file_ref idref="fl-66"/>
      </object_component>
      <object_component id="oc-147">
         <name>.debug_info</name>
         <load_address>0x9ba9</load_address>
         <run_address>0x9ba9</run_address>
         <size>0x10d</size>
         <input_file_ref idref="fl-67"/>
      </object_component>
      <object_component id="oc-14b">
         <name>.debug_info</name>
         <load_address>0x9cb6</load_address>
         <run_address>0x9cb6</run_address>
         <size>0x330</size>
         <input_file_ref idref="fl-68"/>
      </object_component>
      <object_component id="oc-150">
         <name>.debug_info</name>
         <load_address>0x9fe6</load_address>
         <run_address>0x9fe6</run_address>
         <size>0x592</size>
         <input_file_ref idref="fl-69"/>
      </object_component>
      <object_component id="oc-155">
         <name>.debug_info</name>
         <load_address>0xa578</load_address>
         <run_address>0xa578</run_address>
         <size>0xf4</size>
         <input_file_ref idref="fl-6a"/>
      </object_component>
      <object_component id="oc-159">
         <name>.debug_info</name>
         <load_address>0xa66c</load_address>
         <run_address>0xa66c</run_address>
         <size>0x3a2</size>
         <input_file_ref idref="fl-6b"/>
      </object_component>
      <object_component id="oc-15e">
         <name>.debug_info</name>
         <load_address>0xaa0e</load_address>
         <run_address>0xaa0e</run_address>
         <size>0x2e9</size>
         <input_file_ref idref="fl-6c"/>
      </object_component>
      <object_component id="oc-163">
         <name>.debug_info</name>
         <load_address>0xacf7</load_address>
         <run_address>0xacf7</run_address>
         <size>0x38a</size>
         <input_file_ref idref="fl-6d"/>
      </object_component>
      <object_component id="oc-168">
         <name>.debug_info</name>
         <load_address>0xb081</load_address>
         <run_address>0xb081</run_address>
         <size>0xc5</size>
         <input_file_ref idref="fl-6e"/>
      </object_component>
      <object_component id="oc-16c">
         <name>.debug_info</name>
         <load_address>0xb146</load_address>
         <run_address>0xb146</run_address>
         <size>0x2e9</size>
         <input_file_ref idref="fl-6f"/>
      </object_component>
      <object_component id="oc-171">
         <name>.debug_info</name>
         <load_address>0xb42f</load_address>
         <run_address>0xb42f</run_address>
         <size>0x2ee</size>
         <input_file_ref idref="fl-70"/>
      </object_component>
      <object_component id="oc-176">
         <name>.debug_info</name>
         <load_address>0xb71d</load_address>
         <run_address>0xb71d</run_address>
         <size>0x3e7</size>
         <input_file_ref idref="fl-71"/>
      </object_component>
      <object_component id="oc-17b">
         <name>.debug_info</name>
         <load_address>0xbb04</load_address>
         <run_address>0xbb04</run_address>
         <size>0x2fa</size>
         <input_file_ref idref="fl-72"/>
      </object_component>
      <object_component id="oc-180">
         <name>.debug_info</name>
         <load_address>0xbdfe</load_address>
         <run_address>0xbdfe</run_address>
         <size>0x2d2</size>
         <input_file_ref idref="fl-73"/>
      </object_component>
      <object_component id="oc-186">
         <name>.debug_info</name>
         <load_address>0xc0d0</load_address>
         <run_address>0xc0d0</run_address>
         <size>0x2ea</size>
         <input_file_ref idref="fl-74"/>
      </object_component>
      <object_component id="oc-189">
         <name>.debug_info</name>
         <load_address>0xc3ba</load_address>
         <run_address>0xc3ba</run_address>
         <size>0x25d</size>
         <input_file_ref idref="fl-75"/>
      </object_component>
      <object_component id="oc-18f">
         <name>.debug_info</name>
         <load_address>0xc617</load_address>
         <run_address>0xc617</run_address>
         <size>0x107</size>
         <input_file_ref idref="fl-76"/>
      </object_component>
      <object_component id="oc-194">
         <name>.debug_info</name>
         <load_address>0xc71e</load_address>
         <run_address>0xc71e</run_address>
         <size>0x1a5</size>
         <input_file_ref idref="fl-77"/>
      </object_component>
      <object_component id="oc-198">
         <name>.debug_info</name>
         <load_address>0xc8c3</load_address>
         <run_address>0xc8c3</run_address>
         <size>0x37a</size>
         <input_file_ref idref="fl-78"/>
      </object_component>
      <object_component id="oc-19e">
         <name>.debug_info</name>
         <load_address>0xcc3d</load_address>
         <run_address>0xcc3d</run_address>
         <size>0x21c</size>
         <input_file_ref idref="fl-79"/>
      </object_component>
      <object_component id="oc-1a4">
         <name>.debug_info</name>
         <load_address>0xce59</load_address>
         <run_address>0xce59</run_address>
         <size>0xf4</size>
         <input_file_ref idref="fl-7a"/>
      </object_component>
      <object_component id="oc-1a8">
         <name>.debug_info</name>
         <load_address>0xcf4d</load_address>
         <run_address>0xcf4d</run_address>
         <size>0xc7</size>
         <input_file_ref idref="fl-7b"/>
      </object_component>
      <object_component id="oc-1ac">
         <name>.debug_info</name>
         <load_address>0xd014</load_address>
         <run_address>0xd014</run_address>
         <size>0xc5</size>
         <input_file_ref idref="fl-7c"/>
      </object_component>
      <object_component id="oc-1b0">
         <name>.debug_info</name>
         <load_address>0xd0d9</load_address>
         <run_address>0xd0d9</run_address>
         <size>0x2e9</size>
         <input_file_ref idref="fl-7d"/>
      </object_component>
      <object_component id="oc-1b6">
         <name>.debug_info</name>
         <load_address>0xd3c2</load_address>
         <run_address>0xd3c2</run_address>
         <size>0x332</size>
         <input_file_ref idref="fl-7e"/>
      </object_component>
      <object_component id="oc-1bc">
         <name>.debug_info</name>
         <load_address>0xd6f4</load_address>
         <run_address>0xd6f4</run_address>
         <size>0x29f</size>
         <input_file_ref idref="fl-7f"/>
      </object_component>
      <object_component id="oc-28f">
         <name>.debug_info</name>
         <load_address>0xd993</load_address>
         <run_address>0xd993</run_address>
         <size>0x97</size>
      </object_component>
      <object_component id="oc-92">
         <name>.debug_frame</name>
         <load_address>0x0</load_address>
         <run_address>0x0</run_address>
         <size>0x2dd</size>
         <input_file_ref idref="fl-2"/>
      </object_component>
      <object_component id="oc-99">
         <name>.debug_frame</name>
         <load_address>0x2dd</load_address>
         <run_address>0x2dd</run_address>
         <size>0x15a</size>
         <input_file_ref idref="fl-3"/>
      </object_component>
      <object_component id="oc-a0">
         <name>.debug_frame</name>
         <load_address>0x437</load_address>
         <run_address>0x437</run_address>
         <size>0x32</size>
         <input_file_ref idref="fl-33"/>
      </object_component>
      <object_component id="oc-a5">
         <name>.debug_frame</name>
         <load_address>0x469</load_address>
         <run_address>0x469</run_address>
         <size>0x42</size>
         <input_file_ref idref="fl-34"/>
      </object_component>
      <object_component id="oc-aa">
         <name>.debug_frame</name>
         <load_address>0x4ab</load_address>
         <run_address>0x4ab</run_address>
         <size>0x32</size>
         <input_file_ref idref="fl-35"/>
      </object_component>
      <object_component id="oc-af">
         <name>.debug_frame</name>
         <load_address>0x4dd</load_address>
         <run_address>0x4dd</run_address>
         <size>0x32</size>
         <input_file_ref idref="fl-36"/>
      </object_component>
      <object_component id="oc-b4">
         <name>.debug_frame</name>
         <load_address>0x50f</load_address>
         <run_address>0x50f</run_address>
         <size>0x32</size>
         <input_file_ref idref="fl-37"/>
      </object_component>
      <object_component id="oc-b9">
         <name>.debug_frame</name>
         <load_address>0x541</load_address>
         <run_address>0x541</run_address>
         <size>0x47</size>
         <input_file_ref idref="fl-38"/>
      </object_component>
      <object_component id="oc-c3">
         <name>.debug_frame</name>
         <load_address>0x588</load_address>
         <run_address>0x588</run_address>
         <size>0x47</size>
         <input_file_ref idref="fl-4c"/>
      </object_component>
      <object_component id="oc-cd">
         <name>.debug_frame</name>
         <load_address>0x5cf</load_address>
         <run_address>0x5cf</run_address>
         <size>0x47</size>
         <input_file_ref idref="fl-4e"/>
      </object_component>
      <object_component id="oc-d2">
         <name>.debug_frame</name>
         <load_address>0x616</load_address>
         <run_address>0x616</run_address>
         <size>0x32</size>
         <input_file_ref idref="fl-4f"/>
      </object_component>
      <object_component id="oc-db">
         <name>.debug_frame</name>
         <load_address>0x648</load_address>
         <run_address>0x648</run_address>
         <size>0x47</size>
         <input_file_ref idref="fl-51"/>
      </object_component>
      <object_component id="oc-e0">
         <name>.debug_frame</name>
         <load_address>0x68f</load_address>
         <run_address>0x68f</run_address>
         <size>0x83</size>
         <input_file_ref idref="fl-52"/>
      </object_component>
      <object_component id="oc-e5">
         <name>.debug_frame</name>
         <load_address>0x712</load_address>
         <run_address>0x712</run_address>
         <size>0x32</size>
         <input_file_ref idref="fl-53"/>
      </object_component>
      <object_component id="oc-ea">
         <name>.debug_frame</name>
         <load_address>0x744</load_address>
         <run_address>0x744</run_address>
         <size>0x56</size>
         <input_file_ref idref="fl-54"/>
      </object_component>
      <object_component id="oc-f0">
         <name>.debug_frame</name>
[...]
         <value>0x2bb4</value>
         <object_component_ref idref="oc-8e"/>
      </symbol>
      <symbol id="sm-434">
         <name>min</name>
         <value>0x2b70</value>
         <object_component_ref idref="oc-8e"/>
      </symbol>
      <symbol id="sm-435">
         <name>mov_atras</name>
         <value>0x122f6</value>
         <object_component_ref idref="oc-1e2"/>
      </symbol>
      <symbol id="sm-436">
         <name>iluminacion</name>
         <value>0x2b57</value>
         <object_component_ref idref="oc-8e"/>
      </symbol>
      <symbol id="sm-437">
         <name>estado_anterior</name>
         <value>0x2b5b</value>
         <object_component_ref idref="oc-8e"/>
      </symbol>
      <symbol id="sm-438">
         <name>estado</name>
         <value>0x2b5a</value>
         <object_component_ref idref="oc-8e"/>
      </symbol>
      <symbol id="sm-439">
         <name>init_timers</name>
         <value>0x12ffa</value>
         <object_component_ref idref="oc-1d7"/>
      </symbol>
      <symbol id="sm-43a">
         <name>TimerB_ISR</name>
         <value>0x5f7e</value>
         <object_component_ref idref="oc-1c6"/>
      </symbol>
      <symbol id="sm-43b">
         <name>Sentit_Dades_Tx</name>
         <value>0x13232</value>
         <object_component_ref idref="oc-1f5"/>
      </symbol>
      <symbol id="sm-43c">
         <name>leer_sensor_frontal</name>
         <value>0x12dbe</value>
         <object_component_ref idref="oc-1e7"/>
      </symbol>
      <symbol id="sm-43d">
         <name>init_LCD</name>
         <value>0x130e8</value>
         <object_component_ref idref="oc-1db"/>
      </symbol>
      <symbol id="sm-43e">
         <name>borrado</name>
         <value>0x2b44</value>
         <object_component_ref idref="oc-8e"/>
      </symbol>
      <symbol id="sm-43f">
         <name>Sentit_Dades_Rx</name>
         <value>0x1322a</value>
         <object_component_ref idref="oc-1f7"/>
      </symbol>
      <symbol id="sm-440">
         <name>linea</name>
         <value>0x2b58</value>
         <object_component_ref idref="oc-8e"/>
      </symbol>
      <symbol id="sm-489">
         <name>halLcdDrawCurrentBlock</name>
         <value>0x126d6</value>
         <object_component_ref idref="oc-1fb"/>
      </symbol>
      <symbol id="sm-48a">
         <name>Draw_Block_Address_Macro</name>
         <value>0x1c78</value>
         <object_component_ref idref="oc-96"/>
      </symbol>
      <symbol id="sm-48b">
         <name>LcdAddress</name>
         <value>0x1c7e</value>
         <object_component_ref idref="oc-96"/>
      </symbol>
      <symbol id="sm-48c">
         <name>LcdTableAddress</name>
         <value>0x1c80</value>
         <object_component_ref idref="oc-96"/>
      </symbol>
      <symbol id="sm-48d">
         <name>halLcdSetBackLight</name>
         <value>0x12b56</value>
         <object_component_ref idref="oc-1ed"/>
      </symbol>
      <symbol id="sm-48e">
         <name>halLcdSetContrast</name>
         <value>0x13068</value>
         <object_component_ref idref="oc-1ee"/>
      </symbol>
      <symbol id="sm-48f">
         <name>Read_Block_Address_Macro</name>
         <value>0x1c6c</value>
         <object_component_ref idref="oc-96"/>
      </symbol>
      <symbol id="sm-490">
         <name>LcdInitMacro</name>
         <value>0x1c00</value>
         <object_component_ref idref="oc-96"/>
      </symbol>
      <symbol id="sm-491">
         <name>halLcdDrawBlock</name>
         <value>0x131da</value>
         <object_component_ref idref="oc-205"/>
      </symbol>
      <symbol id="sm-492">
         <name>halLcdClearScreen</name>
         <value>0x13020</value>
         <object_component_ref idref="oc-1ef"/>
      </symbol>
      <symbol id="sm-493">
         <name>Draw_Block_Value_Macro</name>
         <value>0x1c72</value>
         <object_component_ref idref="oc-96"/>
      </symbol>
      <symbol id="sm-494">
         <name>halLcdSendCommand</name>
         <value>0x12be0</value>
         <object_component_ref idref="oc-1f8"/>
      </symbol>
      <symbol id="sm-495">
         <name>halLcdPrintLine</name>
         <value>0x13044</value>
         <object_component_ref idref="oc-1f0"/>
      </symbol>
      <symbol id="sm-496">
         <name>halLcdInit</name>
         <value>0x12042</value>
         <object_component_ref idref="oc-1eb"/>
      </symbol>
      <symbol id="sm-497">
         <name>halLcdBackLightInit</name>
         <value>0x12fcc</value>
         <object_component_ref idref="oc-1ec"/>
      </symbol>
      <symbol id="sm-498">
         <name>backlight</name>
         <value>0x1c83</value>
         <object_component_ref idref="oc-96"/>
      </symbol>
      <symbol id="sm-499">
         <name>fonts_lookup</name>
         <value>0x6928</value>
         <object_component_ref idref="oc-203"/>
      </symbol>
      <symbol id="sm-49a">
         <name>contrast</name>
         <value>0x1c82</value>
         <object_component_ref idref="oc-96"/>
      </symbol>
      <symbol id="sm-49b">
         <name>halLcdSetAddress</name>
         <value>0x12f06</value>
         <object_component_ref idref="oc-1fa"/>
      </symbol>
      <symbol id="sm-49c">
         <name>LCD_MEM</name>
         <value>0x1c84</value>
         <object_component_ref idref="oc-96"/>
      </symbol>
      <symbol id="sm-49d">
         <name>fonts</name>
         <value>0x5fd2</value>
         <object_component_ref idref="oc-204"/>
      </symbol>
      <symbol id="sm-49e">
         <name>halLcdActive</name>
         <value>0x130ca</value>
         <object_component_ref idref="oc-1f9"/>
      </symbol>
      <symbol id="sm-49f">
         <name>halLcdPrint</name>
         <value>0x1185c</value>
         <object_component_ref idref="oc-1fd"/>
      </symbol>
      <symbol id="sm-4ae">
         <name>_stack</name>
         <value>0x5b60</value>
         <object_component_ref idref="oc-9e"/>
      </symbol>
      <symbol id="sm-4af">
         <name>_reset_vector</name>
         <value>0xfffe</value>
         <object_component_ref idref="oc-9f"/>
      </symbol>
      <symbol id="sm-4bd">
         <name>_c_int00_noargs_noexit</name>
         <value>0x5fb2</value>
         <object_component_ref idref="oc-88"/>
      </symbol>
      <symbol id="sm-4e6">
         <name>C$$EXIT</name>
         <value>0x1324e</value>
         <object_component_ref idref="oc-1cd"/>
      </symbol>
      <symbol id="sm-4e7">
         <name>abort</name>
         <value>0x1324e</value>
         <object_component_ref idref="oc-1cd"/>
      </symbol>
      <symbol id="sm-4eb">
         <name>__TI_int41</name>
         <value>0xffd2</value>
         <object_component_ref idref="oc-6d"/>
      </symbol>
      <symbol id="sm-4ef">
         <name>__TI_int43</name>
         <value>0xffd6</value>
         <object_component_ref idref="oc-6f"/>
      </symbol>
      <symbol id="sm-4f3">
         <name>__TI_int44</name>
         <value>0xffd8</value>
         <object_component_ref idref="oc-70"/>
      </symbol>
      <symbol id="sm-4f7">
         <name>__TI_int45</name>
         <value>0xffda</value>
         <object_component_ref idref="oc-71"/>
      </symbol>
      <symbol id="sm-4fb">
         <name>__TI_int46</name>
         <value>0xffdc</value>
         <object_component_ref idref="oc-72"/>
      </symbol>
      <symbol id="sm-4ff">
         <name>__TI_int47</name>
         <value>0xffde</value>
         <object_component_ref idref="oc-73"/>
      </symbol>
      <symbol id="sm-503">
         <name>__TI_int48</name>
         <value>0xffe0</value>
         <object_component_ref idref="oc-74"/>
      </symbol>
      <symbol id="sm-507">
         <name>__TI_int50</name>
         <value>0xffe4</value>
         <object_component_ref idref="oc-76"/>
      </symbol>
      <symbol id="sm-50b">
         <name>__TI_int51</name>
         <value>0xffe6</value>
         <object_component_ref idref="oc-77"/>
      </symbol>
      <symbol id="sm-50f">
         <name>__TI_int52</name>
         <value>0xffe8</value>
         <object_component_ref idref="oc-78"/>
      </symbol>
      <symbol id="sm-513">
         <name>__TI_int53</name>
         <value>0xffea</value>
         <object_component_ref idref="oc-79"/>
      </symbol>
      <symbol id="sm-517">
         <name>__TI_int54</name>
         <value>0xffec</value>
         <object_component_ref idref="oc-7a"/>
      </symbol>
      <symbol id="sm-51b">
         <name>__TI_int55</name>
         <value>0xffee</value>
         <object_component_ref idref="oc-7b"/>
      </symbol>
      <symbol id="sm-51f">
         <name>__TI_int56</name>
         <value>0xfff0</value>
         <object_component_ref idref="oc-7c"/>
      </symbol>
      <symbol id="sm-523">
         <name>__TI_int58</name>
         <value>0xfff4</value>
         <object_component_ref idref="oc-7e"/>
      </symbol>
      <symbol id="sm-527">
         <name>__TI_int59</name>
         <value>0xfff6</value>
         <object_component_ref idref="oc-7f"/>
      </symbol>
      <symbol id="sm-52b">
         <name>__TI_int61</name>
         <value>0xfffa</value>
         <object_component_ref idref="oc-81"/>
      </symbol>
      <symbol id="sm-52f">
         <name>__TI_int62</name>
         <value>0xfffc</value>
         <object_component_ref idref="oc-82"/>
      </symbol>
      <symbol id="sm-53b">
         <name>__TI_ISR_TRAP</name>
         <value>0x5fcc</value>
         <object_component_ref idref="oc-bd"/>
      </symbol>
      <symbol id="sm-54f">
         <name>_nop</name>
         <value>0x13252</value>
         <object_component_ref idref="oc-1ea"/>
      </symbol>
      <symbol id="sm-550">
         <name>_lock</name>
         <value>0x2cf6</value>
         <object_component_ref idref="oc-1ce"/>
      </symbol>
      <symbol id="sm-551">
         <name>_unlock</name>
         <value>0x2cfa</value>
         <object_component_ref idref="oc-1d4"/>
      </symbol>
      <symbol id="sm-55e">
         <name>I_LSL</name>
         <value>0x13216</value>
         <object_component_ref idref="oc-c7"/>
      </symbol>
      <symbol id="sm-56c">
         <name>memcpy</name>
         <value>0x13180</value>
         <object_component_ref idref="oc-1c1"/>
      </symbol>
      <symbol id="sm-583">
         <name>__mpyi_sw</name>
         <value>0x13194</value>
         <object_component_ref idref="oc-1fc"/>
      </symbol>
      <symbol id="sm-584">
         <name>__mpyi</name>
         <value>0x13194</value>
         <object_component_ref idref="oc-1fc"/>
      </symbol>
      <symbol id="sm-590">
         <name>_system_pre_init</name>
         <value>0x1324a</value>
         <object_component_ref idref="oc-1c7"/>
      </symbol>
      <symbol id="sm-5a2">
         <name>sprintf</name>
         <value>0x12b9c</value>
         <object_component_ref idref="oc-1de"/>
      </symbol>
      <symbol id="sm-5be">
         <name>_auto_init_hold_wdt</name>
         <value>0x125f2</value>
         <object_component_ref idref="oc-1c8"/>
      </symbol>
      <symbol id="sm-6ff">
         <name>__TI_printfi</name>
         <value>0x108c0</value>
         <object_component_ref idref="oc-1f3"/>
      </symbol>
      <symbol id="sm-70e">
         <name>strchr</name>
         <value>0x13124</value>
         <object_component_ref idref="oc-229"/>
      </symbol>
      <symbol id="sm-71b">
         <name>strlen</name>
         <value>0x131e8</value>
         <object_component_ref idref="oc-1fe"/>
      </symbol>
      <symbol id="sm-728">
         <name>toupper</name>
         <value>0x131a8</value>
         <object_component_ref idref="oc-20e"/>
      </symbol>
      <symbol id="sm-739">
         <name>_FDclass</name>
         <value>0x12d4e</value>
         <object_component_ref idref="oc-20f"/>
      </symbol>
      <symbol id="sm-74c">
         <name>atoi</name>
         <value>0x12878</value>
         <object_component_ref idref="oc-206"/>
      </symbol>
      <symbol id="sm-754">
         <name>_ctypes_</name>
         <value>0x6826</value>
         <object_component_ref idref="oc-20b"/>
      </symbol>
      <symbol id="sm-762">
         <name>__remu</name>
         <value>0x13156</value>
         <object_component_ref idref="oc-10f"/>
      </symbol>
      <symbol id="sm-763">
         <name>__divu</name>
         <value>0x13156</value>
         <object_component_ref idref="oc-10f"/>
      </symbol>
      <symbol id="sm-776">
         <name>__divul</name>
         <value>0x1298e</value>
         <object_component_ref idref="oc-114"/>
      </symbol>
      <symbol id="sm-777">
         <name>__remul</name>
         <value>0x1298e</value>
         <object_component_ref idref="oc-114"/>
      </symbol>
      <symbol id="sm-783">
         <name>frexp</name>
         <value>0x12f9c</value>
         <object_component_ref idref="oc-21a"/>
      </symbol>
      <symbol id="sm-7ac">
         <name>__fs_add</name>
         <value>0x114f6</value>
         <object_component_ref idref="oc-11e"/>
      </symbol>
      <symbol id="sm-7ad">
         <name>__fs_sub</name>
         <value>0x114f0</value>
         <object_component_ref idref="oc-11e"/>
      </symbol>
      <symbol id="sm-7c6">
         <name>__fs_cmp</name>
         <value>0x12a34</value>
         <object_component_ref idref="oc-123"/>
      </symbol>
      <symbol id="sm-7ea">
         <name>__fs_div</name>
         <value>0x120d0</value>
         <object_component_ref idref="oc-128"/>
      </symbol>
      <symbol id="sm-801">
         <name>__fs_itof</name>
         <value>0x12e9c</value>
         <object_component_ref idref="oc-12d"/>
      </symbol>
      <symbol id="sm-81b">
         <name>__fs_ltof</name>
         <value>0x12a7e</value>
         <object_component_ref idref="oc-132"/>
      </symbol>
      <symbol id="sm-845">
         <name>__fs_mpy</name>
         <value>0x11d22</value>
         <object_component_ref idref="oc-137"/>
      </symbol>
      <symbol id="sm-853">
         <name>__fs_neg</name>
         <value>0x1320c</value>
         <object_component_ref idref="oc-13c"/>
      </symbol>
      <symbol id="sm-86f">
         <name>__fs_toi</name>
         <value>0x127ac</value>
         <object_component_ref idref="oc-141"/>
      </symbol>
      <symbol id="sm-88d">
         <name>__fs_tol</name>
         <value>0x12574</value>
         <object_component_ref idref="oc-146"/>
      </symbol>
      <symbol id="sm-89d">
         <name>ldexp</name>
         <value>0x128da</value>
         <object_component_ref idref="oc-220"/>
      </symbol>
      <symbol id="sm-8db">
         <name>__divull</name>
         <value>0x10000</value>
         <object_component_ref idref="oc-21d"/>
      </symbol>
      <symbol id="sm-8dc">
         <name>__lslll</name>
         <value>0x12ca0</value>
         <object_component_ref idref="oc-224"/>
      </symbol>
      <symbol id="sm-8dd">
         <name>__lsrll</name>
         <value>0x12cda</value>
         <object_component_ref idref="oc-21c"/>
      </symbol>
      <symbol id="sm-8eb">
         <name>L_LSR</name>
         <value>0x131ca</value>
         <object_component_ref idref="oc-223"/>
      </symbol>
      <symbol id="sm-8fa">
         <name>ltoa</name>
         <value>0x1237a</value>
         <object_component_ref idref="oc-21e"/>
      </symbol>
      <symbol id="sm-909">
         <name>memccpy</name>
         <value>0x13106</value>
         <object_component_ref idref="oc-20a"/>
      </symbol>
      <symbol id="sm-917">
         <name>memset</name>
         <value>0x13140</value>
         <object_component_ref idref="oc-207"/>
      </symbol>
      <symbol id="sm-92c">
         <name>_Dscale</name>
         <value>0x13242</value>
         <object_component_ref idref="oc-227"/>
      </symbol>
      <symbol id="sm-938">
         <name>_Dunscale</name>
         <value>0x13246</value>
         <object_component_ref idref="oc-21f"/>
      </symbol>
      <symbol id="sm-955">
         <name>_FDscale</name>
         <value>0x11740</value>
         <object_component_ref idref="oc-22b"/>
      </symbol>
      <symbol id="sm-967">
         <name>_FDunscale</name>
         <value>0x12814</value>
         <object_component_ref idref="oc-226"/>
      </symbol>
      <symbol id="sm-976">
         <name>_Feraise</name>
         <value>0x12e66</value>
         <object_component_ref idref="oc-228"/>
      </symbol>
      <symbol id="sm-986">
         <name>_FZero</name>
         <value>0x2cea</value>
         <object_component_ref idref="oc-185"/>
      </symbol>
      <symbol id="sm-987">
         <name>_FRteps</name>
         <value>0x2cd6</value>
         <object_component_ref idref="oc-185"/>
      </symbol>
      <symbol id="sm-988">
         <name>_FSnan</name>
         <value>0x2cc6</value>
         <object_component_ref idref="oc-185"/>
      </symbol>
      <symbol id="sm-989">
         <name>_FNan</name>
         <value>0x2cb6</value>
         <object_component_ref idref="oc-185"/>
      </symbol>
      <symbol id="sm-98a">
         <name>_FInf</name>
         <value>0x2ca6</value>
         <object_component_ref idref="oc-185"/>
      </symbol>
      <symbol id="sm-98b">
         <name>_FEps</name>
         <value>0x2c96</value>
         <object_component_ref idref="oc-185"/>
      </symbol>
      <symbol id="sm-98c">
         <name>_FXbig</name>
         <value>0x2ce6</value>
         <object_component_ref idref="oc-185"/>
      </symbol>
      <symbol id="sm-98d">
         <name>_FDenorm</name>
         <value>0x2c86</value>
         <object_component_ref idref="oc-185"/>
      </symbol>
      <symbol id="sm-99a">
         <name>abs</name>
         <value>0x13202</value>
         <object_component_ref idref="oc-225"/>
      </symbol>
      <symbol id="sm-9ab">
         <name>__remli</name>
         <value>0x12c22</value>
         <object_component_ref idref="oc-18e"/>
      </symbol>
      <symbol id="sm-9ac">
         <name>__divli</name>
         <value>0x12c22</value>
         <object_component_ref idref="oc-18e"/>
      </symbol>
      <symbol id="sm-9b6">
         <name>_Errno</name>
         <value>0x2cfe</value>
         <object_component_ref idref="oc-193"/>
      </symbol>
      <symbol id="sm-9c9">
         <name>feraiseexcept</name>
         <value>0x12ed2</value>
         <object_component_ref idref="oc-22c"/>
      </symbol>
      <symbol id="sm-9ca">
         <name>_Tls_setup__Fenv</name>
         <value>0x2cf2</value>
         <object_component_ref idref="oc-197"/>
      </symbol>
      <symbol id="sm-9cb">
         <name>_Fenv</name>
         <value>0x2cee</value>
         <object_component_ref idref="oc-197"/>
      </symbol>
      <symbol id="sm-9e1">
         <name>I_LSR</name>
         <value>0x13220</value>
         <object_component_ref idref="oc-1a3"/>
      </symbol>
      <symbol id="sm-a02">
         <name>raise</name>
         <value>0x12f3a</value>
         <object_component_ref idref="oc-22d"/>
      </symbol>
      <symbol id="sm-a17">
         <name>signal</name>
         <value>0x12e2e</value>
         <object_component_ref idref="oc-22e"/>
      </symbol>
      <symbol id="sm-a29">
         <name>_FDnorm</name>
         <value>0x1215e</value>
         <object_component_ref idref="oc-22a"/>
      </symbol>
   </symbol_table>
   <title>Link successful</title>
</link_info>
